
Memory Configuration

Name             Origin             Length             Attributes
ram              0x0000000081000100 0x0000000000a00000
*default*        0x0000000000000000 0xffffffffffffffff

Linker script and memory map

LOAD /tmp/cciDCy8N.o
LOAD /tmp/ccjAyxfz.o
LOAD /tmp/cccn5CJn.o
LOAD out/zip.o

.text           0x0000000081000100     0x2a20 load address 0x0000000081000100
 *(.text.entry)
 .text.entry    0x0000000081000100       0x5c /tmp/cciDCy8N.o
                0x0000000081000100                main
                0x000000008100015c                . = ALIGN (0x4)
 *(.text)
 *fill*         0x000000008100015c        0x4 00
 .text          0x0000000081000160      0x360 /tmp/cccn5CJn.o
                0x0000000081000348                flush_cache_asm
                0x0000000081000160                enable_cache_asm
                0x0000000081000458                remap_dspram_asm
 *(.text.*)
 .text.uart_putc
                0x00000000810004c0       0x40 /tmp/cciDCy8N.o
                0x00000000810004c0                uart_putc
 .text.uart_puts
                0x0000000081000500       0x34 /tmp/cciDCy8N.o
                0x0000000081000500                uart_puts
 .text.SzAlloc  0x0000000081000534       0x14 /tmp/cciDCy8N.o
 .text.SzFree   0x0000000081000548        0x8 /tmp/cciDCy8N.o
 .text.memcpy   0x0000000081000550       0x30 /tmp/cciDCy8N.o
                0x0000000081000550                memcpy
 .text.LzmaDec  0x0000000081000580      0x124 /tmp/cciDCy8N.o
                0x0000000081000580                LzmaDec
 .text.flush_cache
                0x00000000810006a4       0x60 /tmp/cciDCy8N.o
                0x00000000810006a4                flush_cache
 .text.LzmaDec_WriteRem
                0x0000000081000704       0xbc /tmp/ccjAyxfz.o
 .text.LzmaDec_DecodeReal2
                0x00000000810007c0     0x10a0 /tmp/ccjAyxfz.o
 .text.LzmaDec_TryDummy
                0x0000000081001860      0x7ac /tmp/ccjAyxfz.o
 .text.LzmaDec_InitDicAndState
                0x000000008100200c       0x34 /tmp/ccjAyxfz.o
                0x000000008100200c                LzmaDec_InitDicAndState
 .text.LzmaDec_Init
                0x0000000081002040       0x24 /tmp/ccjAyxfz.o
                0x0000000081002040                LzmaDec_Init
 .text.LzmaDec_DecodeToDic
                0x0000000081002064      0x3fc /tmp/ccjAyxfz.o
                0x0000000081002064                LzmaDec_DecodeToDic
 .text.LzmaDec_DecodeToBuf
                0x0000000081002460      0x174 /tmp/ccjAyxfz.o
                0x0000000081002460                LzmaDec_DecodeToBuf
 .text.LzmaDec_FreeProbs
                0x00000000810025d4       0x34 /tmp/ccjAyxfz.o
                0x00000000810025d4                LzmaDec_FreeProbs
 .text.LzmaDec_FreeDict
                0x0000000081002608       0x34 /tmp/ccjAyxfz.o
 .text.LzmaDec_Free
                0x000000008100263c       0x3c /tmp/ccjAyxfz.o
                0x000000008100263c                LzmaDec_Free
 .text.LzmaProps_Decode
                0x0000000081002678       0xc0 /tmp/ccjAyxfz.o
                0x0000000081002678                LzmaProps_Decode
 .text.LzmaDec_AllocateProbs2
                0x0000000081002738       0x94 /tmp/ccjAyxfz.o
 .text.LzmaDec_AllocateProbs
                0x00000000810027cc       0x98 /tmp/ccjAyxfz.o
                0x00000000810027cc                LzmaDec_AllocateProbs
 .text.LzmaDec_Allocate
                0x0000000081002864      0x100 /tmp/ccjAyxfz.o
                0x0000000081002864                LzmaDec_Allocate
 .text.LzmaDecode
                0x0000000081002964      0x154 /tmp/ccjAyxfz.o
                0x0000000081002964                LzmaDecode
                0x0000000081002ab8                . = ALIGN (0x4)
 *(.rodata)
 .rodata        0x0000000081002ab8        0x8 /tmp/cciDCy8N.o
 *(.rodata.*)
 .rodata.str1.4
                0x0000000081002ac0       0x27 /tmp/cciDCy8N.o
                                         0x28 (size before relaxing)
 *fill*         0x0000000081002ae7        0x1 00
 .rodata.kLiteralNextStates
                0x0000000081002ae8       0x18 /tmp/ccjAyxfz.o
 .rodata.cst4   0x0000000081002b00        0x4 /tmp/ccjAyxfz.o
                0x0000000081002b04                . = ALIGN (0x4)
 *(.data)
 *(.data.*)
                0x0000000081002b20                . = ALIGN (0x20)
 *fill*         0x0000000081002b04       0x1c 00

.zipbin         0x0000000081002b20   0x311dd0 load address 0x0000000081002b20
                0x0000000081002b20                _ld_zipbin_start = .
 *(.zipbin)
 .zipbin        0x0000000081002b20   0x311dc2 out/zip.o
                0x00000000813148e2                _binary__home_xiongguanglong_opentv_opentv1_chal_sdk_mstar_5c35_changhong_src_Keltic_DDI_Package_ddi_pkg_ecos_cus_mstar_project_mstar_demo_bin_keltic_ecos_zip_end
                0x0000000081002b20                _binary__home_xiongguanglong_opentv_opentv1_chal_sdk_mstar_5c35_changhong_src_Keltic_DDI_Package_ddi_pkg_ecos_cus_mstar_project_mstar_demo_bin_keltic_ecos_zip_start
                0x00000000813148e2                _ld_zipbin_end = .
                0x00000000813148f0                . = ALIGN (0x10)
 *fill*         0x00000000813148e2        0xe 00

.bss            0x00000000813148f0    0x10004
 *(.bss)
 *(.bss.*)
 .bss.g_alloc_buf
                0x00000000813148f0        0x4 /tmp/cciDCy8N.o
 .bss.alloc_buf
                0x00000000813148f4    0x10000 /tmp/cciDCy8N.o
                0x00000000813248f4                . = ALIGN (0x4)
OUTPUT(out/unzip.elf elf32-littlemips)

.reginfo        0x0000000000000000       0x18
 .reginfo       0x0000000000000000       0x18 /tmp/cciDCy8N.o

.pdr            0x0000000000000000      0x2e0
 .pdr           0x0000000000000000      0x100 /tmp/cciDCy8N.o
 .pdr           0x0000000000000100      0x1e0 /tmp/ccjAyxfz.o

.mdebug.eabi32  0x0000000000000000        0x0

.debug_abbrev   0x0000000000000000      0x433
 .debug_abbrev  0x0000000000000000      0x19e /tmp/cciDCy8N.o
 .debug_abbrev  0x000000000000019e      0x281 /tmp/ccjAyxfz.o
 .debug_abbrev  0x000000000000041f       0x14 /tmp/cccn5CJn.o

.debug_info     0x0000000000000000     0x158a
 .debug_info    0x0000000000000000      0x3cd /tmp/cciDCy8N.o
 .debug_info    0x00000000000003cd     0x110a /tmp/ccjAyxfz.o
 .debug_info    0x00000000000014d7       0xb3 /tmp/cccn5CJn.o

.debug_line     0x0000000000000000      0x7dc
 .debug_line    0x0000000000000000      0x168 /tmp/cciDCy8N.o
 .debug_line    0x0000000000000168      0x5fe /tmp/ccjAyxfz.o
 .debug_line    0x0000000000000766       0x76 /tmp/cccn5CJn.o

.debug_frame    0x0000000000000000      0x2dc
 .debug_frame   0x0000000000000000       0xdc /tmp/cciDCy8N.o
 .debug_frame   0x00000000000000dc      0x200 /tmp/ccjAyxfz.o

.debug_pubnames
                0x0000000000000000      0x147
 .debug_pubnames
                0x0000000000000000       0x5e /tmp/cciDCy8N.o
 .debug_pubnames
                0x000000000000005e       0xe9 /tmp/ccjAyxfz.o

.debug_aranges  0x0000000000000000      0x118
 .debug_aranges
                0x0000000000000000       0x60 /tmp/cciDCy8N.o
 .debug_aranges
                0x0000000000000060       0x98 /tmp/ccjAyxfz.o
 .debug_aranges
                0x00000000000000f8       0x20 /tmp/cccn5CJn.o

.debug_str      0x0000000000000000      0x665
 .debug_str     0x0000000000000000      0x263 /tmp/cciDCy8N.o
                                        0x29f (size before relaxing)
 .debug_str     0x0000000000000263      0x402 /tmp/ccjAyxfz.o
                                        0x5ce (size before relaxing)

.debug_ranges   0x0000000000000000      0x428
 .debug_ranges  0x0000000000000000      0x428 /tmp/ccjAyxfz.o
